root@srv987902:/opt/crawler_tjsp# docker compose down
WARN[0000] /opt/crawler_tjsp/docker-compose.yml: the attribute `version` is obsolete, it will be ignored, please remove it to avoid potential confusion 
root@srv987902:/opt/crawler_tjsp# git pull origin main
remote: Enumerating objects: 19, done.
remote: Counting objects: 100% (19/19), done.
remote: Compressing objects: 100% (9/9), done.
remote: Total 16 (delta 6), reused 16 (delta 6), pack-reused 0 (from 0)
Unpacking objects: 100% (16/16), 30.74 KiB | 1.71 MiB/s, done.
From https://github.com/revisaprecatorio/crawler_tjsp
 * branch            main       -> FETCH_HEAD
   136de15..3f3b824  main       -> origin/main
Updating 136de15..3f3b824
Fast-forward
 DEPLOY_TRACKING.md  |  133 +++++++-
 QUEUE_MANAGEMENT.md |  279 ++++++++++++++++
 log_deploy_1.txt    | 1009 +++++++++++++++++++++++++++++++++++++++++++++++++++++++++
 log_deploy_2.txt    |  980 +++++++++++++++++++++++++++++++++++++++++++++++++++++++
 log_deploy_3.txt    |    0
 manage_queue.py     |  286 ++++++++++++++++
 requirements.txt    |    8 +-
 reset_queue.sql     |   60 ++++
 8 files changed, 2744 insertions(+), 11 deletions(-)
 create mode 100644 QUEUE_MANAGEMENT.md
 create mode 100644 log_deploy_1.txt
 create mode 100644 log_deploy_2.txt
 create mode 100644 log_deploy_3.txt
 create mode 100644 manage_queue.py
 create mode 100644 reset_queue.sql
root@srv987902:/opt/crawler_tjsp# docker compose build
WARN[0000] /opt/crawler_tjsp/docker-compose.yml: the attribute `version` is obsolete, it will be ignored, please remove it to avoid potential confusion 
#1 [internal] load local bake definitions
#1 reading from stdin 496B done
#1 DONE 0.0s

#2 [internal] load build definition from Dockerfile
#2 transferring dockerfile: 1.08kB 0.0s done
#2 DONE 0.0s

#3 [internal] load metadata for docker.io/library/python:3.12-slim-bookworm
#3 DONE 0.9s

#4 [internal] load .dockerignore
#4 transferring context: 2B done
#4 DONE 0.0s

#5 [1/7] FROM docker.io/library/python:3.12-slim-bookworm@sha256:25c2d6d3b4680597f42caabe8b3ade05a60bba86547cb219356d5774ab319a8a
#5 DONE 0.0s

#6 [internal] load build context
#6 transferring context: 226.72kB 0.0s done
#6 DONE 0.0s

#7 [2/7] RUN apt-get update && apt-get install -y --no-install-recommends     wget ca-certificates gnupg2 unzip fonts-liberation     libnss3-tools openssl chromium     libnss3 libxss1 libasound2 libatk1.0-0 libgtk-3-0 libgbm1 libx11-xcb1   && rm -rf /var/lib/apt/lists/*
#7 CACHED

#8 [3/7] WORKDIR /app
#8 CACHED

#9 [4/7] COPY requirements.txt /app/
#9 DONE 0.0s

#10 [5/7] RUN pip install --upgrade pip
#10 3.145 Requirement already satisfied: pip in /usr/local/lib/python3.12/site-packages (25.0.1)
#10 3.227 Collecting pip
#10 3.453   Downloading pip-25.2-py3-none-any.whl.metadata (4.7 kB)
#10 3.461 Downloading pip-25.2-py3-none-any.whl (1.8 MB)
#10 3.520    ━━━━━━━━━━━━━━━━━━━━━━━━━━━━━━━━━━━━━━━━ 1.8/1.8 MB 39.2 MB/s eta 0:00:00
#10 3.539 Installing collected packages: pip
#10 3.540   Attempting uninstall: pip
#10 3.542     Found existing installation: pip 25.0.1
#10 3.666     Uninstalling pip-25.0.1:
#10 4.115       Successfully uninstalled pip-25.0.1
#10 5.378 Successfully installed pip-25.2
#10 5.379 WARNING: Running pip as the 'root' user can result in broken permissions and conflicting behaviour with the system package manager, possibly rendering your system unusable. It is recommended to use a virtual environment instead: https://pip.pypa.io/warnings/venv. Use the --root-user-action option if you know what you are doing and want to suppress this warning.
#10 DONE 5.6s

#11 [6/7] RUN pip install -r requirements.txt
#11 0.733 Collecting fastapi==0.115.2 (from -r requirements.txt (line 1))
#11 0.769   Downloading fastapi-0.115.2-py3-none-any.whl.metadata (27 kB)
#11 0.810 Collecting uvicorn==0.30.6 (from uvicorn[standard]==0.30.6->-r requirements.txt (line 2))
#11 0.814   Downloading uvicorn-0.30.6-py3-none-any.whl.metadata (6.6 kB)
#11 0.844 Collecting selenium==4.25.0 (from -r requirements.txt (line 5))
#11 0.849   Downloading selenium-4.25.0-py3-none-any.whl.metadata (7.1 kB)
#11 0.873 Collecting requests (from -r requirements.txt (line 8))
#11 0.877   Downloading requests-2.32.5-py3-none-any.whl.metadata (4.9 kB)
#11 0.941 Collecting psycopg2-binary (from -r requirements.txt (line 9))
#11 0.947   Downloading psycopg2_binary-2.9.10-cp312-cp312-manylinux_2_17_x86_64.manylinux2014_x86_64.whl.metadata (4.9 kB)
#11 0.963 Collecting python-dotenv (from -r requirements.txt (line 10))
#11 0.968   Downloading python_dotenv-1.1.1-py3-none-any.whl.metadata (24 kB)
#11 0.981 Collecting tabulate (from -r requirements.txt (line 11))
#11 0.986   Downloading tabulate-0.9.0-py3-none-any.whl.metadata (34 kB)
#11 1.013 Collecting starlette<0.41.0,>=0.37.2 (from fastapi==0.115.2->-r requirements.txt (line 1))
#11 1.018   Downloading starlette-0.40.0-py3-none-any.whl.metadata (6.0 kB)
#11 1.146 Collecting pydantic!=1.8,!=1.8.1,!=2.0.0,!=2.0.1,!=2.1.0,<3.0.0,>=1.7.4 (from fastapi==0.115.2->-r requirements.txt (line 1))
#11 1.153   Downloading pydantic-2.11.9-py3-none-any.whl.metadata (68 kB)
#11 1.170 Collecting typing-extensions>=4.8.0 (from fastapi==0.115.2->-r requirements.txt (line 1))
#11 1.175   Downloading typing_extensions-4.15.0-py3-none-any.whl.metadata (3.3 kB)
#11 1.198 Collecting click>=7.0 (from uvicorn==0.30.6->uvicorn[standard]==0.30.6->-r requirements.txt (line 2))
#11 1.202   Downloading click-8.3.0-py3-none-any.whl.metadata (2.6 kB)
#11 1.214 Collecting h11>=0.8 (from uvicorn==0.30.6->uvicorn[standard]==0.30.6->-r requirements.txt (line 2))
#11 1.218   Downloading h11-0.16.0-py3-none-any.whl.metadata (8.3 kB)
#11 1.244 Collecting urllib3<3,>=1.26 (from urllib3[socks]<3,>=1.26->selenium==4.25.0->-r requirements.txt (line 5))
#11 1.249   Downloading urllib3-2.5.0-py3-none-any.whl.metadata (6.5 kB)
#11 1.266 Collecting trio~=0.17 (from selenium==4.25.0->-r requirements.txt (line 5))
#11 1.270   Downloading trio-0.31.0-py3-none-any.whl.metadata (8.5 kB)
#11 1.283 Collecting trio-websocket~=0.9 (from selenium==4.25.0->-r requirements.txt (line 5))
#11 1.288   Downloading trio_websocket-0.12.2-py3-none-any.whl.metadata (5.1 kB)
#11 1.307 Collecting certifi>=2021.10.8 (from selenium==4.25.0->-r requirements.txt (line 5))
#11 1.311   Downloading certifi-2025.8.3-py3-none-any.whl.metadata (2.4 kB)
#11 1.335 Collecting websocket-client~=1.8 (from selenium==4.25.0->-r requirements.txt (line 5))
#11 1.340   Downloading websocket_client-1.8.0-py3-none-any.whl.metadata (8.0 kB)
#11 1.369 Collecting httptools>=0.5.0 (from uvicorn[standard]==0.30.6->-r requirements.txt (line 2))
#11 1.373   Downloading httptools-0.6.4-cp312-cp312-manylinux_2_5_x86_64.manylinux1_x86_64.manylinux_2_17_x86_64.manylinux2014_x86_64.whl.metadata (3.6 kB)
#11 1.411 Collecting pyyaml>=5.1 (from uvicorn[standard]==0.30.6->-r requirements.txt (line 2))
#11 1.416   Downloading pyyaml-6.0.3-cp312-cp312-manylinux2014_x86_64.manylinux_2_17_x86_64.manylinux_2_28_x86_64.whl.metadata (2.4 kB)
#11 1.453 Collecting uvloop!=0.15.0,!=0.15.1,>=0.14.0 (from uvicorn[standard]==0.30.6->-r requirements.txt (line 2))
#11 1.458   Downloading uvloop-0.21.0-cp312-cp312-manylinux_2_17_x86_64.manylinux2014_x86_64.whl.metadata (4.9 kB)
#11 1.518 Collecting watchfiles>=0.13 (from uvicorn[standard]==0.30.6->-r requirements.txt (line 2))
#11 1.523   Downloading watchfiles-1.1.0-cp312-cp312-manylinux_2_17_x86_64.manylinux2014_x86_64.whl.metadata (4.9 kB)
#11 1.593 Collecting websockets>=10.4 (from uvicorn[standard]==0.30.6->-r requirements.txt (line 2))
#11 1.598   Downloading websockets-15.0.1-cp312-cp312-manylinux_2_5_x86_64.manylinux1_x86_64.manylinux_2_17_x86_64.manylinux2014_x86_64.whl.metadata (6.8 kB)
#11 1.609 Collecting annotated-types>=0.6.0 (from pydantic!=1.8,!=1.8.1,!=2.0.0,!=2.0.1,!=2.1.0,<3.0.0,>=1.7.4->fastapi==0.115.2->-r requirements.txt (line 1))
#11 1.614   Downloading annotated_types-0.7.0-py3-none-any.whl.metadata (15 kB)
#11 2.290 Collecting pydantic-core==2.33.2 (from pydantic!=1.8,!=1.8.1,!=2.0.0,!=2.0.1,!=2.1.0,<3.0.0,>=1.7.4->fastapi==0.115.2->-r requirements.txt (line 1))
#11 2.295   Downloading pydantic_core-2.33.2-cp312-cp312-manylinux_2_17_x86_64.manylinux2014_x86_64.whl.metadata (6.8 kB)
#11 2.305 Collecting typing-inspection>=0.4.0 (from pydantic!=1.8,!=1.8.1,!=2.0.0,!=2.0.1,!=2.1.0,<3.0.0,>=1.7.4->fastapi==0.115.2->-r requirements.txt (line 1))
#11 2.309   Downloading typing_inspection-0.4.2-py3-none-any.whl.metadata (2.6 kB)
#11 2.330 Collecting anyio<5,>=3.4.0 (from starlette<0.41.0,>=0.37.2->fastapi==0.115.2->-r requirements.txt (line 1))
#11 2.333   Downloading anyio-4.11.0-py3-none-any.whl.metadata (4.1 kB)
#11 2.346 Collecting idna>=2.8 (from anyio<5,>=3.4.0->starlette<0.41.0,>=0.37.2->fastapi==0.115.2->-r requirements.txt (line 1))
#11 2.351   Downloading idna-3.10-py3-none-any.whl.metadata (10 kB)
#11 2.361 Collecting sniffio>=1.1 (from anyio<5,>=3.4.0->starlette<0.41.0,>=0.37.2->fastapi==0.115.2->-r requirements.txt (line 1))
#11 2.367   Downloading sniffio-1.3.1-py3-none-any.whl.metadata (3.9 kB)
#11 2.386 Collecting attrs>=23.2.0 (from trio~=0.17->selenium==4.25.0->-r requirements.txt (line 5))
#11 2.391   Downloading attrs-25.3.0-py3-none-any.whl.metadata (10 kB)
#11 2.410 Collecting sortedcontainers (from trio~=0.17->selenium==4.25.0->-r requirements.txt (line 5))
#11 2.414   Downloading sortedcontainers-2.4.0-py2.py3-none-any.whl.metadata (10 kB)
#11 2.424 Collecting outcome (from trio~=0.17->selenium==4.25.0->-r requirements.txt (line 5))
#11 2.429   Downloading outcome-1.3.0.post0-py2.py3-none-any.whl.metadata (2.6 kB)
#11 2.446 Collecting wsproto>=0.14 (from trio-websocket~=0.9->selenium==4.25.0->-r requirements.txt (line 5))
#11 2.450   Downloading wsproto-1.2.0-py3-none-any.whl.metadata (5.6 kB)
#11 2.466 Collecting pysocks!=1.5.7,<2.0,>=1.5.6 (from urllib3[socks]<3,>=1.26->selenium==4.25.0->-r requirements.txt (line 5))
#11 2.470   Downloading PySocks-1.7.1-py3-none-any.whl.metadata (13 kB)
#11 2.537 Collecting charset_normalizer<4,>=2 (from requests->-r requirements.txt (line 8))
#11 2.542   Downloading charset_normalizer-3.4.3-cp312-cp312-manylinux2014_x86_64.manylinux_2_17_x86_64.manylinux_2_28_x86_64.whl.metadata (36 kB)
#11 2.594 Downloading fastapi-0.115.2-py3-none-any.whl (94 kB)
#11 2.603 Downloading uvicorn-0.30.6-py3-none-any.whl (62 kB)
#11 2.611 Downloading selenium-4.25.0-py3-none-any.whl (9.7 MB)
#11 2.849    ━━━━━━━━━━━━━━━━━━━━━━━━━━━━━━━━━━━━━━━━ 9.7/9.7 MB 42.1 MB/s  0:00:00
#11 2.857 Downloading pydantic-2.11.9-py3-none-any.whl (444 kB)
#11 2.873 Downloading pydantic_core-2.33.2-cp312-cp312-manylinux_2_17_x86_64.manylinux2014_x86_64.whl (2.0 MB)
#11 2.910    ━━━━━━━━━━━━━━━━━━━━━━━━━━━━━━━━━━━━━━━━ 2.0/2.0 MB 55.8 MB/s  0:00:00
#11 2.915 Downloading starlette-0.40.0-py3-none-any.whl (73 kB)
#11 2.921 Downloading anyio-4.11.0-py3-none-any.whl (109 kB)
#11 2.926 Downloading trio-0.31.0-py3-none-any.whl (512 kB)
#11 2.939 Downloading trio_websocket-0.12.2-py3-none-any.whl (21 kB)
#11 2.945 Downloading typing_extensions-4.15.0-py3-none-any.whl (44 kB)
#11 2.950 Downloading urllib3-2.5.0-py3-none-any.whl (129 kB)
#11 2.956 Downloading PySocks-1.7.1-py3-none-any.whl (16 kB)
#11 2.960 Downloading websocket_client-1.8.0-py3-none-any.whl (58 kB)
#11 2.965 Downloading requests-2.32.5-py3-none-any.whl (64 kB)
#11 2.972 Downloading charset_normalizer-3.4.3-cp312-cp312-manylinux2014_x86_64.manylinux_2_17_x86_64.manylinux_2_28_x86_64.whl (151 kB)
#11 2.978 Downloading idna-3.10-py3-none-any.whl (70 kB)
#11 2.985 Downloading psycopg2_binary-2.9.10-cp312-cp312-manylinux_2_17_x86_64.manylinux2014_x86_64.whl (3.0 MB)
#11 3.051    ━━━━━━━━━━━━━━━━━━━━━━━━━━━━━━━━━━━━━━━━ 3.0/3.0 MB 47.0 MB/s  0:00:00
#11 3.057 Downloading python_dotenv-1.1.1-py3-none-any.whl (20 kB)
#11 3.062 Downloading tabulate-0.9.0-py3-none-any.whl (35 kB)
#11 3.067 Downloading annotated_types-0.7.0-py3-none-any.whl (13 kB)
#11 3.071 Downloading attrs-25.3.0-py3-none-any.whl (63 kB)
#11 3.077 Downloading certifi-2025.8.3-py3-none-any.whl (161 kB)
#11 3.083 Downloading click-8.3.0-py3-none-any.whl (107 kB)
#11 3.088 Downloading h11-0.16.0-py3-none-any.whl (37 kB)
#11 3.093 Downloading httptools-0.6.4-cp312-cp312-manylinux_2_5_x86_64.manylinux1_x86_64.manylinux_2_17_x86_64.manylinux2014_x86_64.whl (510 kB)
#11 3.106 Downloading outcome-1.3.0.post0-py2.py3-none-any.whl (10 kB)
#11 3.110 Downloading pyyaml-6.0.3-cp312-cp312-manylinux2014_x86_64.manylinux_2_17_x86_64.manylinux_2_28_x86_64.whl (807 kB)
#11 3.128    ━━━━━━━━━━━━━━━━━━━━━━━━━━━━━━━━━━━━━━━━ 807.9/807.9 kB 60.9 MB/s  0:00:00
#11 3.132 Downloading sniffio-1.3.1-py3-none-any.whl (10 kB)
#11 3.137 Downloading typing_inspection-0.4.2-py3-none-any.whl (14 kB)
#11 3.144 Downloading uvloop-0.21.0-cp312-cp312-manylinux_2_17_x86_64.manylinux2014_x86_64.whl (4.7 MB)
#11 3.234    ━━━━━━━━━━━━━━━━━━━━━━━━━━━━━━━━━━━━━━━━ 4.7/4.7 MB 53.1 MB/s  0:00:00
#11 3.238 Downloading watchfiles-1.1.0-cp312-cp312-manylinux_2_17_x86_64.manylinux2014_x86_64.whl (452 kB)
#11 3.251 Downloading websockets-15.0.1-cp312-cp312-manylinux_2_5_x86_64.manylinux1_x86_64.manylinux_2_17_x86_64.manylinux2014_x86_64.whl (182 kB)
#11 3.259 Downloading wsproto-1.2.0-py3-none-any.whl (24 kB)
#11 3.263 Downloading sortedcontainers-2.4.0-py2.py3-none-any.whl (29 kB)
#11 3.357 Installing collected packages: sortedcontainers, websockets, websocket-client, uvloop, urllib3, typing-extensions, tabulate, sniffio, pyyaml, python-dotenv, pysocks, psycopg2-binary, idna, httptools, h11, click, charset_normalizer, certifi, attrs, annotated-types, wsproto, uvicorn, typing-inspection, requests, pydantic-core, outcome, anyio, watchfiles, trio, starlette, pydantic, trio-websocket, fastapi, selenium
#11 6.760 
#11 6.763 Successfully installed annotated-types-0.7.0 anyio-4.11.0 attrs-25.3.0 certifi-2025.8.3 charset_normalizer-3.4.3 click-8.3.0 fastapi-0.115.2 h11-0.16.0 httptools-0.6.4 idna-3.10 outcome-1.3.0.post0 psycopg2-binary-2.9.10 pydantic-2.11.9 pydantic-core-2.33.2 pysocks-1.7.1 python-dotenv-1.1.1 pyyaml-6.0.3 requests-2.32.5 selenium-4.25.0 sniffio-1.3.1 sortedcontainers-2.4.0 starlette-0.40.0 tabulate-0.9.0 trio-0.31.0 trio-websocket-0.12.2 typing-extensions-4.15.0 typing-inspection-0.4.2 urllib3-2.5.0 uvicorn-0.30.6 uvloop-0.21.0 watchfiles-1.1.0 websocket-client-1.8.0 websockets-15.0.1 wsproto-1.2.0
#11 6.763 WARNING: Running pip as the 'root' user can result in broken permissions and conflicting behaviour with the system package manager, possibly rendering your system unusable. It is recommended to use a virtual environment instead: https://pip.pypa.io/warnings/venv. Use the --root-user-action option if you know what you are doing and want to suppress this warning.
#11 DONE 7.2s

#12 [7/7] COPY . /app/
#12 DONE 0.1s

#13 exporting to image
#13 exporting layers
#13 exporting layers 0.4s done
#13 writing image sha256:82d8d1cf5398b7db0effbab007af23b4a659c5b8634158f0a2b1efc7c0d8a238 done
#13 naming to docker.io/library/tjsp-worker:latest done
#13 DONE 0.4s

#14 resolving provenance for metadata file
#14 DONE 0.0s
[+] Building 1/1
 ✔ tjsp-worker:latest  Built                                                     0.0s 
root@srv987902:/opt/crawler_tjsp# docker compose up -d
WARN[0000] /opt/crawler_tjsp/docker-compose.yml: the attribute `version` is obsolete, it will be ignored, please remove it to avoid potential confusion 
[+] Running 2/2
 ✔ Network crawler_tjsp_default  Created                                         0.1s 
 ✔ Container tjsp_worker_1       Started                                         0.2s 
root@srv987902:/opt/crawler_tjsp# docker compose ps
WARN[0000] /opt/crawler_tjsp/docker-compose.yml: the attribute `version` is obsolete, it will be ignored, please remove it to avoid potential confusion 
NAME            IMAGE                COMMAND                  SERVICE   CREATED         STATUS                         PORTS
tjsp_worker_1   tjsp-worker:latest   "python orchestrator…"   worker    8 seconds ago   Restarting (0) 2 seconds ago   
root@srv987902:/opt/crawler_tjsp# docker exec tjsp_worker_1 python manage_queue.py --status
Error response from daemon: Container f46dd5649bdff71c69813d7eb6b8bc01fd0b1e201e0a02b2d2aecb76b20c0db8 is restarting, wait until the container is running
root@srv987902:/opt/crawler_tjsp# docker exec tjsp_worker_1 python manage_queue.py --reset-last 5
Error response from daemon: Container f46dd5649bdff71c69813d7eb6b8bc01fd0b1e201e0a02b2d2aecb76b20c0db8 is restarting, wait until the container is running
root@srv987902:/opt/crawler_tjsp# docker compose logs -f worker
WARN[0000] /opt/crawler_tjsp/docker-compose.yml: the attribute `version` is obsolete, it will be ignored, please remove it to avoid potential confusion 
tjsp_worker_1  | Conectando ao banco de dados PostgreSQL...
tjsp_worker_1  | Executando a query para buscar o próximo item da fila...
tjsp_worker_1  | Conexão com o banco de dados fechada.
tjsp_worker_1  | Nenhum precatório novo para processar encontrado. Encerrando o worker.
tjsp_worker_1  | Conectando ao banco de dados PostgreSQL...
tjsp_worker_1  | Executando a query para buscar o próximo item da fila...
tjsp_worker_1  | Conexão com o banco de dados fechada.
tjsp_worker_1  | Nenhum precatório novo para processar encontrado. Encerrando o worker.
tjsp_worker_1  | Conectando ao banco de dados PostgreSQL...
tjsp_worker_1  | Executando a query para buscar o próximo item da fila...
tjsp_worker_1  | Conexão com o banco de dados fechada.
tjsp_worker_1  | Nenhum precatório novo para processar encontrado. Encerrando o worker.
tjsp_worker_1  | Conectando ao banco de dados PostgreSQL...
tjsp_worker_1  | Executando a query para buscar o próximo item da fila...
tjsp_worker_1  | Conexão com o banco de dados fechada.
tjsp_worker_1  | Nenhum precatório novo para processar encontrado. Encerrando o worker.
tjsp_worker_1  | Conectando ao banco de dados PostgreSQL...
tjsp_worker_1  | Executando a query para buscar o próximo item da fila...
tjsp_worker_1  | Conexão com o banco de dados fechada.
tjsp_worker_1  | Nenhum precatório novo para processar encontrado. Encerrando o worker.
tjsp_worker_1  | Conectando ao banco de dados PostgreSQL...
tjsp_worker_1  | Executando a query para buscar o próximo item da fila...
tjsp_worker_1  | Conexão com o banco de dados fechada.
tjsp_worker_1  | Nenhum precatório novo para processar encontrado. Encerrando o worker.
tjsp_worker_1  | Conectando ao banco de dados PostgreSQL...
tjsp_worker_1  | Executando a query para buscar o próximo item da fila...
tjsp_worker_1  | Conexão com o banco de dados fechada.
tjsp_worker_1  | Nenhum precatório novo para processar encontrado. Encerrando o worker.
tjsp_worker_1  | Conectando ao banco de dados PostgreSQL...
tjsp_worker_1  | Executando a query para buscar o próximo item da fila...
tjsp_worker_1  | Conexão com o banco de dados fechada.
tjsp_worker_1  | Nenhum precatório novo para processar encontrado. Encerrando o worker.
tjsp_worker_1  | Conectando ao banco de dados PostgreSQL...
tjsp_worker_1  | Executando a query para buscar o próximo item da fila...
tjsp_worker_1  | Conexão com o banco de dados fechada.
tjsp_worker_1  | Nenhum precatório novo para processar encontrado. Encerrando o worker.
